                                                       
                                                       
                                                       
                                                       
                                                       
                                                       
                                                       
                                                       
                                                       
                                                       
                         - - - - - - - - - - - - - -   
                        |XXXXXXXXXXXXXXXXXXXXXXXXXXX|  
                         X - X X X X - - - X - X - -   
                        |XX0|XXXXXXXXX|X|XXX|XXXXXXX|  
                         X - - X X - - X - X - X X X   
                        |XXXXXXX|XXXXXXX|XXXXXXXX3XX|  
                         X X - - X - X X X - X - - X   
                        |X|XXXX1XX|XXXXX|XXXXXXX|XXX|  
                         - - X - - - X X - - X X - -   
                            |XXXXXXXXXXXXXX2XX|XXXXX|  
                             X - X X - X - - X X - X   
                            |XXXXXXXXXXXXXXXXXXXXX|X|  
                         - - X - X X - X - - X - - -   
                        |XXXXXXXXXXXXXXXXXXX|XXXXXXX|  
                         - - - - - - - - - - - - - -   
                                                       
                                                       
