                                                       
                                                       
                                                       
                                                       
                                                       
                                                       
                                                       
                                                       
                                                       
                                                       
                                                       
                                 X                     
                           - - - X - - - -             
                         XXIXXXXXXXXXXXXXX|            
                           - - - X - - - X -           
                                 X      |XXX|          
                                         - X -         
                                 X        |XXX|        
                                 X - - - - - X         
                                |XXXXXXXXXXXXX|        
                                 - - - - - - -         
                                                       
                                                       
                                                       
                                                       
                                                       
                                                       
