                                                       
                                                       
                                                       
                                                       
                                                       
                                                       
                                                       
                                                       
                                                       
                                                       
                           - - - - - - - - - - - - -   
                         XXXXXXX|XXXXXXXXX|XXXXXXXXX|  
                           - X - X - - - X X - X - X   
                         XXIXXXXXX|XXXXX|X|XXXXXXXXX|  
                           - X   X X - - X - X - - X   
                            |XXXXXXX|   |XXX|XXX|  X   
                             X - X -     - X X X       
                            |XXXXX|       |XXXXX|      
                             - - -         - X X       
                                           XXX|X       
                                             -         
                                                       
                                                       
                                                       
                                                       
                                                       
                                                       
