                                                       
                                                       
                                                       
                                                       
                                                       
                                                       
                                                       
                                                       
                                                       
                                                       
                         - - - - - - - - - - - - - -   
                        |XXXXXXXXXXXXXXXXXXXXXXXXXXX|  
                         X X X X X X X X X X X X X X   
                        |XX0XXXXXXXXXXXXXXXXXXXXXXXX|  
                         X X X X X X X X X X X X X X   
                        |XXXXXXXXXXXXXXXXXXXXXXXX3XX|  
                         X X X X X X X X X X X X X X   
                        |XXXXXXXXXXXXXXXXXX1XXXXXXXX|  
                         X X X X X X X X X X X X X X   
                        |XXXXXXXXXXXXXXXXXXXXXXXXXXX|  
                         X X X X X X X X X X X X X X   
                        |XXXX2XXXXXXXXXXXXXXXXXXXXXX|  
                         X X X X X X X X X X X X X X   
                        |XXXXXXXXXXXXXXXXXXXXXXXXXXX|  
                         - - - - - - - - - - - - - -   
                                                       
                                                       
